// Jest Snapshot v1, https://goo.gl/fbAQLP

exports[`App component renders App 1`] = `
<Fragment>
  <Landing />
  <TrendTriCountyTotalsStack
    updated="loading"
  />
  <DailyCountAgeVBar
    updated="loading"
  />
  <DailyCountAgencyHBar
    updated="loading"
  />
  <DailyCountFacilityPie
    updated="loading"
  />
  <DailyCountRaceVBar
    updated="loading"
  />
  <DailyAverageDetentionHBar
    updated="loading"
  />
  <DailyCountChargeSevHBar
    updated="loading"
  />
  <DailyCountChargeDescHBar
    updated="loading"
  />
</Fragment>
`;
