// Jest Snapshot v1, https://goo.gl/fbAQLP

exports[`App component renders App 1`] = `
<Fragment>
  <Landing />
  <TrendTriCountyTotals
    updated=""
  />
  <DailyCountAge
    updated=""
  />
  <DailyCountAgency
    updated=""
  />
  <DailyCountFacility
    updated=""
  />
  <DailyCountGender
    updated=""
  />
  <DailyCountRace
    updated=""
  />
  <DailyCountChargeSev
    updated=""
  />
  <DailyCountChargeDesc
    updated=""
  />
  <Footer />
</Fragment>
`;
